// Jest Snapshot v1, https://goo.gl/fbAQLP

exports[`[commons] Theme should snapshot by theme object 1`] = `
Object {
  "components": Object {
    "MuiCssBaseline": Object {
      "styleOverrides": "
        @font-face {
          font-family: 'Raleway';
          font-style: normal;
          font-display: swap;
          font-weight: 400;
          src: local('Raleway'), local('Raleway-Regular'), url(raleway-regular-webfont.woff) format('woff2');
          unicodeRange: U+0000-00FF, U+0131, U+0152-0153, U+02BB-02BC, U+02C6, U+02DA, U+02DC, U+2000-206F, U+2074, U+20AC, U+2122, U+2191, U+2193, U+2212, U+2215, U+FEFF;
        }

        body {
          margin: 0;
          padding: 0;
          overflow: hidden;
        }
      ",
    },
  },
  "palette": Object {
    "background": Object {
      "default": "#F9FBFD",
    },
    "primary": Object {
      "main": "#0041BE",
    },
  },
  "typography": Object {
    "fontFamily": "Raleway",
  },
}
`;
